// Jest Snapshot v1, https://goo.gl/fbAQLP

exports[`Textbox Component should render with default Textbox styles 1`] = `
<DocumentFragment>
  <p
    class="sc-bdnxRM emSMCL"
  >
    search
  </p>
  <div
    class="sc-gtsrHT fGikmx"
  >
    <input
      aria-label="search"
      data-testid="txt-search"
      id="txt-search"
      placeholder="search"
      tabindex="0"
      type="text"
      value=""
    />
  </div>
</DocumentFragment>
`;
